Archive member included because of file (symbol)

C:/Freescale/CW MCU v10.7/MCU/ARM_GCC_Support/ewl/lib/armv7e-m/fpu\libc.a(exit.o)
                              ./Project_Settings/Startup_Code/__arm_start.o (exit)
C:/Freescale/CW MCU v10.7/MCU/ARM_GCC_Support/ewl/lib/armv7e-m/fpu\libc.a(memset.o)
                              ./Project_Settings/Startup_Code/__arm_start.o (memset)
C:/Freescale/CW MCU v10.7/MCU/ARM_GCC_Support/ewl/lib/armv7e-m/fpu\libc.a(__filll_mem.o)
                              C:/Freescale/CW MCU v10.7/MCU/ARM_GCC_Support/ewl/lib/armv7e-m/fpu\libc.a(memset.o) (__fill_mem)
C:/Freescale/CW MCU v10.7/MCU/ARM_GCC_Support/ewl/lib/armv7e-m/fpu\libc.a(printformat_.o)
                              (__pformatter_)
C:/Freescale/CW MCU v10.7/MCU/ARM_GCC_Support/ewl/lib/armv7e-m/fpu\libc.a(scanformat_.o)
                              (__sformatter)
C:/Freescale/CW MCU v10.7/MCU/ARM_GCC_Support/ewl/lib/armv7e-m/fpu\libc.a(ctype_aeabi.o)
                              C:/Freescale/CW MCU v10.7/MCU/ARM_GCC_Support/ewl/lib/armv7e-m/fpu\libc.a(scanformat_.o) (isspace)
C:/Freescale/CW MCU v10.7/MCU/ARM_GCC_Support/ewl/lib/armv7e-m/fpu\libc.a(__strtoul.o)
                              C:/Freescale/CW MCU v10.7/MCU/ARM_GCC_Support/ewl/lib/armv7e-m/fpu\libc.a(scanformat_.o) (__strtoul)
C:/Freescale/CW MCU v10.7/MCU/ARM_GCC_Support/ewl/lib/armv7e-m/fpu\libc.a(strchr.o)
                              C:/Freescale/CW MCU v10.7/MCU/ARM_GCC_Support/ewl/lib/armv7e-m/fpu\libc.a(printformat_.o) (strchr)
C:/Freescale/CW MCU v10.7/MCU/ARM_GCC_Support/ewl/lib/armv7e-m/fpu\libc.a(strlen.o)
                              C:/Freescale/CW MCU v10.7/MCU/ARM_GCC_Support/ewl/lib/armv7e-m/fpu\libc.a(printformat_.o) (strlen)
C:/Freescale/CW MCU v10.7/MCU/ARM_GCC_Support/ewl/lib/armv7e-m/fpu\libc.a(memchr.o)
                              C:/Freescale/CW MCU v10.7/MCU/ARM_GCC_Support/ewl/lib/armv7e-m/fpu\libc.a(printformat_.o) (memchr)
C:/Freescale/CW MCU v10.7/MCU/ARM_GCC_Support/ewl/lib/armv7e-m/fpu\librt.a(gcc_ctor_dtor.o)
                              ./Project_Settings/Startup_Code/__arm_start.o (__init_cpp)
C:/Freescale/CW MCU v10.7/MCU/ARM_GCC_Support/ewl/lib/armv7e-m/fpu\librt.a(__arm_eabi_init.o)
                              C:/Freescale/CW MCU v10.7/MCU/ARM_GCC_Support/ewl/lib/armv7e-m/fpu\libc.a(exit.o) (__destroy_global_chain)
C:/Freescale/CW MCU v10.7/MCU/ARM_GCC_Support/ewl/lib/armv7e-m/fpu\librt.a(ROMCopy.o)
                              ./Project_Settings/Startup_Code/__arm_start.o (__copy_rom_sections_to_ram)

Allocating common symbols
Common symbol       size              file

ok_return           0x1               ./Sources/main.o
IP_address          0x1e              ./Sources/main.o
buffer_tst2         0x1f4             ./Sources/main.o
temp                0x1               ./Sources/main.o
buffer              0xa0              ./Sources/main.o
bufPos              0x4               ./Sources/main.o
IP_lenght           0x1               ./Sources/main.o
LED                 0x1               ./Sources/main.o
buffer_tst          0xa0              ./Sources/main.o

Discarded input sections

 .text          0x00000000        0x0 ./Project_Settings/Startup_Code/kinetis_sysinit.o
 .data          0x00000000        0x0 ./Project_Settings/Startup_Code/kinetis_sysinit.o
 .bss           0x00000000        0x0 ./Project_Settings/Startup_Code/kinetis_sysinit.o
 .text          0x00000000        0x0 ./Project_Settings/Startup_Code/__arm_start.o
 .data          0x00000000        0x0 ./Project_Settings/Startup_Code/__arm_start.o
 .bss           0x00000000        0x0 ./Project_Settings/Startup_Code/__arm_start.o
 .text.__iar_program_start
                0x00000000        0x4 ./Project_Settings/Startup_Code/__arm_start.o
 .text          0x00000000        0x0 ./Project_Settings/Startup_Code/__arm_end.o
 .data          0x00000000        0x0 ./Project_Settings/Startup_Code/__arm_end.o
 .bss           0x00000000        0x0 ./Project_Settings/Startup_Code/__arm_end.o
 .text          0x00000000        0x0 ./Sources/main.o
 .data          0x00000000        0x0 ./Sources/main.o
 .bss           0x00000000        0x0 ./Sources/main.o
 .data.mens7    0x00000000        0xc ./Sources/main.o
 .data.mens_at  0x00000000        0x8 ./Sources/main.o
 .data.mens_equipo
                0x00000000        0xc ./Sources/main.o
 .text.vUART_send_debug
                0x00000000       0x34 ./Sources/main.o
 .text.vUART_send_CIFSR
                0x00000000       0x40 ./Sources/main.o
 .text.vUART_send_IP
                0x00000000       0x40 ./Sources/main.o
 .text.u8UART_receive
                0x00000000       0x58 ./Sources/main.o
 .text.vUART_receive_buffer
                0x00000000       0x4c ./Sources/main.o
 .text.get_buffer_pos
                0x00000000       0x5c ./Sources/main.o
 .text.IP_copy  0x00000000       0x80 ./Sources/main.o
 .rodata        0x00000000        0xc ./Sources/main.o
 .text.completa_mensaje
                0x00000000       0x8c ./Sources/main.o
 .text.parser_CIFSR
                0x00000000       0xf0 ./Sources/main.o
 .text.parser_IP
                0x00000000      0x12c ./Sources/main.o
 .text          0x00000000        0x0 C:/Freescale/CW MCU v10.7/MCU/ARM_GCC_Support/ewl/lib/armv7e-m/fpu\libc.a(exit.o)
 .data          0x00000000        0x0 C:/Freescale/CW MCU v10.7/MCU/ARM_GCC_Support/ewl/lib/armv7e-m/fpu\libc.a(exit.o)
 .bss           0x00000000        0x0 C:/Freescale/CW MCU v10.7/MCU/ARM_GCC_Support/ewl/lib/armv7e-m/fpu\libc.a(exit.o)
 .text          0x00000000        0x0 C:/Freescale/CW MCU v10.7/MCU/ARM_GCC_Support/ewl/lib/armv7e-m/fpu\libc.a(memset.o)
 .data          0x00000000        0x0 C:/Freescale/CW MCU v10.7/MCU/ARM_GCC_Support/ewl/lib/armv7e-m/fpu\libc.a(memset.o)
 .bss           0x00000000        0x0 C:/Freescale/CW MCU v10.7/MCU/ARM_GCC_Support/ewl/lib/armv7e-m/fpu\libc.a(memset.o)
 .text          0x00000000        0x0 C:/Freescale/CW MCU v10.7/MCU/ARM_GCC_Support/ewl/lib/armv7e-m/fpu\libc.a(__filll_mem.o)
 .data          0x00000000        0x0 C:/Freescale/CW MCU v10.7/MCU/ARM_GCC_Support/ewl/lib/armv7e-m/fpu\libc.a(__filll_mem.o)
 .bss           0x00000000        0x0 C:/Freescale/CW MCU v10.7/MCU/ARM_GCC_Support/ewl/lib/armv7e-m/fpu\libc.a(__filll_mem.o)
 .text          0x00000000        0x0 C:/Freescale/CW MCU v10.7/MCU/ARM_GCC_Support/ewl/lib/armv7e-m/fpu\libc.a(printformat_.o)
 .data          0x00000000        0x0 C:/Freescale/CW MCU v10.7/MCU/ARM_GCC_Support/ewl/lib/armv7e-m/fpu\libc.a(printformat_.o)
 .bss           0x00000000        0x0 C:/Freescale/CW MCU v10.7/MCU/ARM_GCC_Support/ewl/lib/armv7e-m/fpu\libc.a(printformat_.o)
 .text          0x00000000        0x0 C:/Freescale/CW MCU v10.7/MCU/ARM_GCC_Support/ewl/lib/armv7e-m/fpu\libc.a(scanformat_.o)
 .data          0x00000000        0x0 C:/Freescale/CW MCU v10.7/MCU/ARM_GCC_Support/ewl/lib/armv7e-m/fpu\libc.a(scanformat_.o)
 .bss           0x00000000        0x0 C:/Freescale/CW MCU v10.7/MCU/ARM_GCC_Support/ewl/lib/armv7e-m/fpu\libc.a(scanformat_.o)
 .text          0x00000000        0x0 C:/Freescale/CW MCU v10.7/MCU/ARM_GCC_Support/ewl/lib/armv7e-m/fpu\libc.a(ctype_aeabi.o)
 .data          0x00000000        0x0 C:/Freescale/CW MCU v10.7/MCU/ARM_GCC_Support/ewl/lib/armv7e-m/fpu\libc.a(ctype_aeabi.o)
 .bss           0x00000000        0x0 C:/Freescale/CW MCU v10.7/MCU/ARM_GCC_Support/ewl/lib/armv7e-m/fpu\libc.a(ctype_aeabi.o)
 .text.isalnum  0x00000000       0x18 C:/Freescale/CW MCU v10.7/MCU/ARM_GCC_Support/ewl/lib/armv7e-m/fpu\libc.a(ctype_aeabi.o)
 .text.iscntrl  0x00000000       0x1c C:/Freescale/CW MCU v10.7/MCU/ARM_GCC_Support/ewl/lib/armv7e-m/fpu\libc.a(ctype_aeabi.o)
 .text.isdigit  0x00000000        0xc C:/Freescale/CW MCU v10.7/MCU/ARM_GCC_Support/ewl/lib/armv7e-m/fpu\libc.a(ctype_aeabi.o)
 .text.isgraph  0x00000000       0x18 C:/Freescale/CW MCU v10.7/MCU/ARM_GCC_Support/ewl/lib/armv7e-m/fpu\libc.a(ctype_aeabi.o)
 .text.islower  0x00000000       0x1c C:/Freescale/CW MCU v10.7/MCU/ARM_GCC_Support/ewl/lib/armv7e-m/fpu\libc.a(ctype_aeabi.o)
 .text.isprint  0x00000000       0x18 C:/Freescale/CW MCU v10.7/MCU/ARM_GCC_Support/ewl/lib/armv7e-m/fpu\libc.a(ctype_aeabi.o)
 .text.ispunct  0x00000000       0x1c C:/Freescale/CW MCU v10.7/MCU/ARM_GCC_Support/ewl/lib/armv7e-m/fpu\libc.a(ctype_aeabi.o)
 .text.isupper  0x00000000       0x1c C:/Freescale/CW MCU v10.7/MCU/ARM_GCC_Support/ewl/lib/armv7e-m/fpu\libc.a(ctype_aeabi.o)
 .text.isxdigit
                0x00000000       0x1c C:/Freescale/CW MCU v10.7/MCU/ARM_GCC_Support/ewl/lib/armv7e-m/fpu\libc.a(ctype_aeabi.o)
 .text.isblank  0x00000000       0x28 C:/Freescale/CW MCU v10.7/MCU/ARM_GCC_Support/ewl/lib/armv7e-m/fpu\libc.a(ctype_aeabi.o)
 .text.tolower  0x00000000        0xc C:/Freescale/CW MCU v10.7/MCU/ARM_GCC_Support/ewl/lib/armv7e-m/fpu\libc.a(ctype_aeabi.o)
 .text          0x00000000        0x0 C:/Freescale/CW MCU v10.7/MCU/ARM_GCC_Support/ewl/lib/armv7e-m/fpu\libc.a(__strtoul.o)
 .data          0x00000000        0x0 C:/Freescale/CW MCU v10.7/MCU/ARM_GCC_Support/ewl/lib/armv7e-m/fpu\libc.a(__strtoul.o)
 .bss           0x00000000        0x0 C:/Freescale/CW MCU v10.7/MCU/ARM_GCC_Support/ewl/lib/armv7e-m/fpu\libc.a(__strtoul.o)
 .text          0x00000000        0x0 C:/Freescale/CW MCU v10.7/MCU/ARM_GCC_Support/ewl/lib/armv7e-m/fpu\libc.a(strchr.o)
 .data          0x00000000        0x0 C:/Freescale/CW MCU v10.7/MCU/ARM_GCC_Support/ewl/lib/armv7e-m/fpu\libc.a(strchr.o)
 .bss           0x00000000        0x0 C:/Freescale/CW MCU v10.7/MCU/ARM_GCC_Support/ewl/lib/armv7e-m/fpu\libc.a(strchr.o)
 .text          0x00000000        0x0 C:/Freescale/CW MCU v10.7/MCU/ARM_GCC_Support/ewl/lib/armv7e-m/fpu\libc.a(strlen.o)
 .data          0x00000000        0x0 C:/Freescale/CW MCU v10.7/MCU/ARM_GCC_Support/ewl/lib/armv7e-m/fpu\libc.a(strlen.o)
 .bss           0x00000000        0x0 C:/Freescale/CW MCU v10.7/MCU/ARM_GCC_Support/ewl/lib/armv7e-m/fpu\libc.a(strlen.o)
 .text          0x00000000        0x0 C:/Freescale/CW MCU v10.7/MCU/ARM_GCC_Support/ewl/lib/armv7e-m/fpu\libc.a(memchr.o)
 .data          0x00000000        0x0 C:/Freescale/CW MCU v10.7/MCU/ARM_GCC_Support/ewl/lib/armv7e-m/fpu\libc.a(memchr.o)
 .bss           0x00000000        0x0 C:/Freescale/CW MCU v10.7/MCU/ARM_GCC_Support/ewl/lib/armv7e-m/fpu\libc.a(memchr.o)
 .text          0x00000000        0x0 C:/Freescale/CW MCU v10.7/MCU/ARM_GCC_Support/ewl/lib/armv7e-m/fpu\librt.a(gcc_ctor_dtor.o)
 .data          0x00000000        0x0 C:/Freescale/CW MCU v10.7/MCU/ARM_GCC_Support/ewl/lib/armv7e-m/fpu\librt.a(gcc_ctor_dtor.o)
 .bss           0x00000000        0x0 C:/Freescale/CW MCU v10.7/MCU/ARM_GCC_Support/ewl/lib/armv7e-m/fpu\librt.a(gcc_ctor_dtor.o)
 .bss.__dso_handle
                0x00000000        0x4 C:/Freescale/CW MCU v10.7/MCU/ARM_GCC_Support/ewl/lib/armv7e-m/fpu\librt.a(gcc_ctor_dtor.o)
 .text          0x00000000        0x0 C:/Freescale/CW MCU v10.7/MCU/ARM_GCC_Support/ewl/lib/armv7e-m/fpu\librt.a(__arm_eabi_init.o)
 .data          0x00000000        0x0 C:/Freescale/CW MCU v10.7/MCU/ARM_GCC_Support/ewl/lib/armv7e-m/fpu\librt.a(__arm_eabi_init.o)
 .bss           0x00000000        0x0 C:/Freescale/CW MCU v10.7/MCU/ARM_GCC_Support/ewl/lib/armv7e-m/fpu\librt.a(__arm_eabi_init.o)
 .text.__register_global_object
                0x00000000       0x14 C:/Freescale/CW MCU v10.7/MCU/ARM_GCC_Support/ewl/lib/armv7e-m/fpu\librt.a(__arm_eabi_init.o)
 .text.__cxa_atexit
                0x00000000       0x38 C:/Freescale/CW MCU v10.7/MCU/ARM_GCC_Support/ewl/lib/armv7e-m/fpu\librt.a(__arm_eabi_init.o)
 .text.__aeabi_atexit
                0x00000000        0xa C:/Freescale/CW MCU v10.7/MCU/ARM_GCC_Support/ewl/lib/armv7e-m/fpu\librt.a(__arm_eabi_init.o)
 .text.__register_atexit
                0x00000000        0x8 C:/Freescale/CW MCU v10.7/MCU/ARM_GCC_Support/ewl/lib/armv7e-m/fpu\librt.a(__arm_eabi_init.o)
 .text.__init_hardware
                0x00000000        0x4 C:/Freescale/CW MCU v10.7/MCU/ARM_GCC_Support/ewl/lib/armv7e-m/fpu\librt.a(__arm_eabi_init.o)
 .bss.atexit_curr_func
                0x00000000        0x4 C:/Freescale/CW MCU v10.7/MCU/ARM_GCC_Support/ewl/lib/armv7e-m/fpu\librt.a(__arm_eabi_init.o)
 .bss.atexit_funcs
                0x00000000      0x300 C:/Freescale/CW MCU v10.7/MCU/ARM_GCC_Support/ewl/lib/armv7e-m/fpu\librt.a(__arm_eabi_init.o)
 .text          0x00000000        0x0 C:/Freescale/CW MCU v10.7/MCU/ARM_GCC_Support/ewl/lib/armv7e-m/fpu\librt.a(ROMCopy.o)
 .data          0x00000000        0x0 C:/Freescale/CW MCU v10.7/MCU/ARM_GCC_Support/ewl/lib/armv7e-m/fpu\librt.a(ROMCopy.o)
 .bss           0x00000000        0x0 C:/Freescale/CW MCU v10.7/MCU/ARM_GCC_Support/ewl/lib/armv7e-m/fpu\librt.a(ROMCopy.o)
 .text.__flush_cache
                0x00000000        0x2 C:/Freescale/CW MCU v10.7/MCU/ARM_GCC_Support/ewl/lib/armv7e-m/fpu\librt.a(ROMCopy.o)

Memory Configuration

Name             Origin             Length             Attributes
m_interrupts     0x1fff0000         0x00000198         xr
m_text           0x1fff0198         0x0000fe68         xr
m_data           0x20000000         0x00030000         rw
*default*        0x00000000         0xffffffff

Linker script and memory map

LOAD ./Project_Settings/Startup_Code/kinetis_sysinit.o
LOAD ./Project_Settings/Startup_Code/__arm_start.o
LOAD ./Project_Settings/Startup_Code/__arm_end.o
LOAD ./Sources/main.o
                0x1fff0b24                __pformatter = __pformatter_
                [0x1fff0f1c]                __sformatter = __sformatter
START GROUP
LOAD C:/Freescale/CW MCU v10.7/MCU/ARM_GCC_Support/ewl/lib/armv7e-m/fpu\libc.a
LOAD C:/Freescale/CW MCU v10.7/MCU/ARM_GCC_Support/ewl/lib/armv7e-m/fpu\libm.a
LOAD c:/freescale/cw mcu v10.7/cross_tools/arm-none-eabi-gcc-4_7_3/bin/../lib/gcc/arm-none-eabi/4.7.3/armv7e-m/fpu\libgcc.a
LOAD C:/Freescale/CW MCU v10.7/MCU/ARM_GCC_Support/ewl/lib/armv7e-m/fpu\librt.a
LOAD C:/Freescale/CW MCU v10.7/MCU/ARM_GCC_Support/ewl/lib/armv7e-m/fpu\libuart.a
END GROUP
                0x20030000                _estack = 0x20030000
                0x20030000                __SP_INIT = _estack
                0x00000800                __heap_size = 0x800
                0x00000800                __stack_size = 0x800

.interrupts     0x1fff0000      0x198
                0x1fff0000                __vector_table = .
                0x1fff0000                . = ALIGN (0x4)
 *(.vectortable)
 .vectortable   0x1fff0000      0x198 ./Project_Settings/Startup_Code/kinetis_sysinit.o
                0x1fff0000                InterruptVector
                0x1fff0198                . = ALIGN (0x4)

.text           0x1fff0198     0x1970
                0x1fff0198                . = ALIGN (0x4)
 *(.text)
 *(.text*)
 .text.Default_Handler
                0x1fff0198        0xc ./Project_Settings/Startup_Code/kinetis_sysinit.o
                0x1fff0198                RTC_Alarm_IRQHandler
                0x1fff0198                CAN0_Rx_Warning_IRQHandler
                0x1fff0198                CAN0_Err_IRQHandler
                0x1fff0198                I2C0_IRQHandler
                0x1fff0198                HardFault_Handler
                0x1fff0198                PDB_IRQHandler
                0x1fff0198                SysTick_Handler
                0x1fff0198                UART0_Status_IRQHandler
                0x1fff0198                PendSV_Handler
                0x1fff0198                NMI_Handler
                0x1fff0198                I2C1_IRQHandler
                0x1fff0198                UART3_Status_IRQHandler
                0x1fff0198                DMA2_IRQHandler
                0x1fff0198                PIT0_IRQHandler
                0x1fff0198                Watchdog_IRQHandler
                0x1fff0198                Bus_Fault_Handler
                0x1fff0198                CMP2_IRQHandler
                0x1fff0198                SWI_IRQHandler
                0x1fff0198                ADC0_IRQHandler
                0x1fff0198                ENET_MAC_Transmit_IRQHandler
                0x1fff0198                I2S0_Tx_IRQHandler
                0x1fff0198                CMT_IRQHandler
                0x1fff0198                UART1_Status_IRQHandler
                0x1fff0198                SPI1_IRQHandler
                0x1fff0198                DMA9_IRQHandler
                0x1fff0198                DMA14_IRQHandler
                0x1fff0198                CMP1_IRQHandler
                0x1fff0198                PORTD_IRQHandler
                0x1fff0198                PORTB_IRQHandler
                0x1fff0198                UART4_ERR_IRQHandler
                0x1fff0198                ADC1_IRQHandler
                0x1fff0198                I2C2_IRQHandler
                0x1fff0198                PIT2_IRQHandler
                0x1fff0198                I2S0_Rx_IRQHandler
                0x1fff0198                LPTimer_IRQHandler
                0x1fff0198                DMA5_IRQHandler
                0x1fff0198                FTM1_IRQHandler
                0x1fff0198                UART3_ERR_IRQHandler
                0x1fff0198                PIT3_IRQHandler
                0x1fff0198                SDHC_IRQHandler
                0x1fff0198                RTC_Seconds_IRQHandler
                0x1fff0198                MCG_IRQHandler
                0x1fff0198                ENET_MAC_Timer_IRQHandler
                0x1fff0198                UART2_ERR_IRQHandler
                0x1fff0198                DMA11_IRQHandler
                0x1fff0198                Tamper_Drylce_IRQHandler
                0x1fff0198                USB_OTG_IRQHandler
                0x1fff0198                Read_Collision_IRQHandler
                0x1fff0198                Default_Handler
                0x1fff0198                UART4_Status_IRQHandler
                0x1fff0198                DMA7_IRQHandler
                0x1fff0198                LLW_IRQHandler
                0x1fff0198                SPI2_IRQHandler
                0x1fff0198                USB_Charger_Detect_IRQHandler
                0x1fff0198                SVC_Handler
                0x1fff0198                Usage_Fault_Handler
                0x1fff0198                DMA13_IRQHandler
                0x1fff0198                DMA3_IRQHandler
                0x1fff0198                UART0_LON_IRQHandler
                0x1fff0198                RNG_IRQHandler
                0x1fff0198                DMA0_IRQHandler
                0x1fff0198                DMA15_IRQHandler
                0x1fff0198                DAC0_IRQHandler
                0x1fff0198                ENET_MAC_Error_IRQHandler
                0x1fff0198                DMA4_IRQHandler
                0x1fff0198                PIT1_IRQHandler
                0x1fff0198                UART0_ERR_IRQHandler
                0x1fff0198                DMA_Error_IRQHandler
                0x1fff0198                LVD_LVW_IRQHandler
                0x1fff0198                SPI0_IRQHandler
                0x1fff0198                CAN0_Tx_WarningIRQHandler
                0x1fff0198                FTM0_IRQHandler
                0x1fff0198                PORTA_IRQHandler
                0x1fff0198                DAC1_IRQHandler
                0x1fff0198                MCM_IRQHandler
                0x1fff0198                DMA12_IRQHandler
                0x1fff0198                Mem_Manage_Fault_Handler
                0x1fff0198                FTFL_IRQHandler
                0x1fff0198                CAN0_Bus_Off_IRQHandler
                0x1fff0198                FTM3_IRQHandler
                0x1fff0198                PORTE_IRQHandler
                0x1fff0198                CAN0_Message_buffer_IRQHandler
                0x1fff0198                FTM2_IRQHandler
                0x1fff0198                DMA8_IRQHandler
                0x1fff0198                DMA10_IRQHandler
                0x1fff0198                CAN0_Wake_Up_IRQHandler
                0x1fff0198                DebugMonitor_Handler
                0x1fff0198                UART1_ERR_IRQHandler
                0x1fff0198                CMP0_IRQHandler
                0x1fff0198                ENET_MAC_Receive_IRQHandler
                0x1fff0198                PORTC_IRQHandler
                0x1fff0198                DMA6_IRQHandler
                0x1fff0198                UART2_Status_IRQHandler
                0x1fff0198                DMA1_IRQHandler
 .text.__init_hardware
                0x1fff01a4       0x44 ./Project_Settings/Startup_Code/kinetis_sysinit.o
                0x1fff01a4                __init_hardware
 .text.zero_fill_bss
                0x1fff01e8       0x2c ./Project_Settings/Startup_Code/__arm_start.o
 .text.__thumb_startup
                0x1fff0214       0x34 ./Project_Settings/Startup_Code/__arm_start.o
                0x1fff0214                __thumb_startup
 .text._ExitProcess
                0x1fff0248        0xc ./Project_Settings/Startup_Code/__arm_end.o
                0x1fff0248                _ExitProcess
 .text.vUART_init
                0x1fff0254      0x108 ./Sources/main.o
                0x1fff0254                vUART_init
 .text.vUART_send
                0x1fff035c       0x34 ./Sources/main.o
                0x1fff035c                vUART_send
 .text.vUART_send_CWJAP
                0x1fff0390       0x40 ./Sources/main.o
                0x1fff0390                vUART_send_CWJAP
 .text.vUART_send_CIPSTADEF
                0x1fff03d0       0x40 ./Sources/main.o
                0x1fff03d0                vUART_send_CIPSTADEF
 .text.vUART_send_mux
                0x1fff0410       0x40 ./Sources/main.o
                0x1fff0410                vUART_send_mux
 .text.vUART_send_server
                0x1fff0450       0x40 ./Sources/main.o
                0x1fff0450                vUART_send_server
 .text.vUART_send_start
                0x1fff0490       0x40 ./Sources/main.o
                0x1fff0490                vUART_send_start
 .text.vUART_send_sendData
                0x1fff04d0       0x40 ./Sources/main.o
                0x1fff04d0                vUART_send_sendData
 .text.vUART_send_GET
                0x1fff0510       0x40 ./Sources/main.o
                0x1fff0510                vUART_send_GET
 .text.vUART_send_confirmation
                0x1fff0550       0x40 ./Sources/main.o
                0x1fff0550                vUART_send_confirmation
 .text.parser_OK
                0x1fff0590       0xf0 ./Sources/main.o
                0x1fff0590                parser_OK
 .text.parser_sendData
                0x1fff0680       0xf0 ./Sources/main.o
                0x1fff0680                parser_sendData
 .text.parser_linked
                0x1fff0770       0xf0 ./Sources/main.o
                0x1fff0770                parser_linked
 .text.main     0x1fff0860       0x74 ./Sources/main.o
                0x1fff0860                main
 .text.exit     0x1fff08d4       0x38 C:/Freescale/CW MCU v10.7/MCU/ARM_GCC_Support/ewl/lib/armv7e-m/fpu\libc.a(exit.o)
                0x1fff08d4                exit
 .text.memset   0x1fff090c        0xc C:/Freescale/CW MCU v10.7/MCU/ARM_GCC_Support/ewl/lib/armv7e-m/fpu\libc.a(memset.o)
                0x1fff090c                memset
 .text.__fill_mem
                0x1fff0918       0x76 C:/Freescale/CW MCU v10.7/MCU/ARM_GCC_Support/ewl/lib/armv7e-m/fpu\libc.a(__filll_mem.o)
                0x1fff0918                __fill_mem
 .text.long2str.isra.0
                0x1fff098e      0x196 C:/Freescale/CW MCU v10.7/MCU/ARM_GCC_Support/ewl/lib/armv7e-m/fpu\libc.a(printformat_.o)
 .text.__pformatter_
                0x1fff0b24      0x3f8 C:/Freescale/CW MCU v10.7/MCU/ARM_GCC_Support/ewl/lib/armv7e-m/fpu\libc.a(printformat_.o)
                0x1fff0b24                __pformatter_
 .text.__sformatter
                0x1fff0f1c      0x6f4 C:/Freescale/CW MCU v10.7/MCU/ARM_GCC_Support/ewl/lib/armv7e-m/fpu\libc.a(scanformat_.o)
                0x1fff0f1c                __sformatter
 .text.isalpha  0x1fff1610       0x1c C:/Freescale/CW MCU v10.7/MCU/ARM_GCC_Support/ewl/lib/armv7e-m/fpu\libc.a(ctype_aeabi.o)
                0x1fff1610                isalpha
 .text.isspace  0x1fff162c       0x1c C:/Freescale/CW MCU v10.7/MCU/ARM_GCC_Support/ewl/lib/armv7e-m/fpu\libc.a(ctype_aeabi.o)
                0x1fff162c                isspace
 .text.toupper  0x1fff1648        0xc C:/Freescale/CW MCU v10.7/MCU/ARM_GCC_Support/ewl/lib/armv7e-m/fpu\libc.a(ctype_aeabi.o)
                0x1fff1648                toupper
 .text.__strtoul
                0x1fff1654      0x214 C:/Freescale/CW MCU v10.7/MCU/ARM_GCC_Support/ewl/lib/armv7e-m/fpu\libc.a(__strtoul.o)
                0x1fff1654                __strtoul
 .text.strchr   0x1fff1868       0x1a C:/Freescale/CW MCU v10.7/MCU/ARM_GCC_Support/ewl/lib/armv7e-m/fpu\libc.a(strchr.o)
                0x1fff1868                strchr
 .text.strlen   0x1fff1882       0x10 C:/Freescale/CW MCU v10.7/MCU/ARM_GCC_Support/ewl/lib/armv7e-m/fpu\libc.a(strlen.o)
                0x1fff1882                strlen
 .text.memchr   0x1fff1892       0x18 C:/Freescale/CW MCU v10.7/MCU/ARM_GCC_Support/ewl/lib/armv7e-m/fpu\libc.a(memchr.o)
                0x1fff1892                memchr
 *fill*         0x1fff18aa        0x2 00
 .text.__init_cpp
                0x1fff18ac       0x4c C:/Freescale/CW MCU v10.7/MCU/ARM_GCC_Support/ewl/lib/armv7e-m/fpu\librt.a(gcc_ctor_dtor.o)
                0x1fff18ac                __init_cpp
 .text.__fini_cpp
                0x1fff18f8       0x34 C:/Freescale/CW MCU v10.7/MCU/ARM_GCC_Support/ewl/lib/armv7e-m/fpu\librt.a(gcc_ctor_dtor.o)
                0x1fff18f8                __fini_cpp
 .text.__destroy_global_chain
                0x1fff192c       0x18 C:/Freescale/CW MCU v10.7/MCU/ARM_GCC_Support/ewl/lib/armv7e-m/fpu\librt.a(__arm_eabi_init.o)
                0x1fff192c                __destroy_global_chain
 .text.__init_registers
                0x1fff1944       0x24 C:/Freescale/CW MCU v10.7/MCU/ARM_GCC_Support/ewl/lib/armv7e-m/fpu\librt.a(__arm_eabi_init.o)
                0x1fff1944                __init_registers
 .text.__fp_init
                0x1fff1968       0x1c C:/Freescale/CW MCU v10.7/MCU/ARM_GCC_Support/ewl/lib/armv7e-m/fpu\librt.a(__arm_eabi_init.o)
                0x1fff1968                __fp_init
 .text.__init_user
                0x1fff1984        0x4 C:/Freescale/CW MCU v10.7/MCU/ARM_GCC_Support/ewl/lib/armv7e-m/fpu\librt.a(__arm_eabi_init.o)
                0x1fff1984                __init_user
 .text.__copy_rom_section
                0x1fff1988       0x44 C:/Freescale/CW MCU v10.7/MCU/ARM_GCC_Support/ewl/lib/armv7e-m/fpu\librt.a(ROMCopy.o)
                0x1fff1988                __copy_rom_section
 .text.__copy_rom_sections_to_ram
                0x1fff19cc       0x30 C:/Freescale/CW MCU v10.7/MCU/ARM_GCC_Support/ewl/lib/armv7e-m/fpu\librt.a(ROMCopy.o)
                0x1fff19cc                __copy_rom_sections_to_ram
 *(.rodata)
 *(.rodata*)
 .rodata.str1.1
                0x1fff19fc        0x1 C:/Freescale/CW MCU v10.7/MCU/ARM_GCC_Support/ewl/lib/armv7e-m/fpu\libc.a(printformat_.o)
 .rodata.CSWTCH.20
                0x1fff19fd        0x5 C:/Freescale/CW MCU v10.7/MCU/ARM_GCC_Support/ewl/lib/armv7e-m/fpu\libc.a(printformat_.o)
 .rodata.CSWTCH.21
                0x1fff1a02        0x5 C:/Freescale/CW MCU v10.7/MCU/ARM_GCC_Support/ewl/lib/armv7e-m/fpu\libc.a(printformat_.o)
 .rodata.__aeabi_ctype_table_C
                0x1fff1a07      0x101 C:/Freescale/CW MCU v10.7/MCU/ARM_GCC_Support/ewl/lib/armv7e-m/fpu\libc.a(ctype_aeabi.o)
                0x1fff1a07                __aeabi_ctype_table_C
 *(.glue_7)
 .glue_7        0x00000000        0x0 linker stubs
 *(.glue_7t)
 .glue_7t       0x00000000        0x0 linker stubs
 *(.eh_frame)
 *(.init)
 *(.fini)
                0x1fff1b08                . = ALIGN (0x4)
                0x1fff1b08                _etext = .

.vfp11_veneer   0x1fff1b08        0x0
 .vfp11_veneer  0x00000000        0x0 linker stubs

.v4_bx          0x1fff1b08        0x0
 .v4_bx         0x00000000        0x0 linker stubs

.iplt           0x1fff1b08        0x0
 .iplt          0x00000000        0x0 ./Project_Settings/Startup_Code/kinetis_sysinit.o

.rel.dyn        0x1fff1b08        0x0
 .rel.iplt      0x00000000        0x0 ./Project_Settings/Startup_Code/kinetis_sysinit.o

.ARM.extab
 *(.ARM.extab* .gnu.linkonce.armextab.*)

.ARM            0x1fff1b08        0x0
                0x1fff1b08                __exidx_start = .
 *(.ARM.exidx*)
                0x1fff1b08                __exidx_end = .

.ctors          0x1fff1b08        0x0
                0x1fff1b08                __CTOR_LIST__ = .
 *crtbegin.o(.ctors)
 *(EXCLUDE_FILE(*crtend.o) .ctors)
 *(SORT(.ctors.*))
 *(.ctors)
                0x1fff1b08                __CTOR_END__ = .

.dtors          0x1fff1b08        0x0
                0x1fff1b08                __DTOR_LIST__ = .
 *crtbegin.o(.dtors)
 *(EXCLUDE_FILE(*crtend.o) .dtors)
 *(SORT(.dtors.*))
 *(.dtors)
                0x1fff1b08                __DTOR_END__ = .

.preinit_array  0x1fff1b08        0x0
                0x1fff1b08                PROVIDE (__preinit_array_start, .)
 *(.preinit_array*)
                0x1fff1b08                PROVIDE (__preinit_array_end, .)

.init_array     0x1fff1b08        0x0
                0x1fff1b08                PROVIDE (__init_array_start, .)
 *(SORT(.init_array.*))
 *(.init_array*)
                0x1fff1b08                PROVIDE (__init_array_end, .)

.fini_array     0x1fff1b08        0x0
                0x1fff1b08                PROVIDE (__fini_array_start, .)
 *(SORT(.fini_array.*))
 *(.fini_array*)
                0x1fff1b08                PROVIDE (__fini_array_end, .)

.data           0x20000000      0x14c
                0x20000000                . = ALIGN (0x4)
                0x20000000                _sdata = .
 *(.data)
 *(.data*)
 .data.mens0    0x20000000       0x38 ./Sources/main.o
                0x20000000                mens0
 .data.mens1    0x20000038       0x3c ./Sources/main.o
                0x20000038                mens1
 .data.mens2    0x20000074       0x10 ./Sources/main.o
                0x20000074                mens2
 .data.mens3    0x20000084       0x14 ./Sources/main.o
                0x20000084                mens3
 .data.mens4    0x20000098       0x24 ./Sources/main.o
                0x20000098                mens4
 .data.mens5    0x200000bc       0x14 ./Sources/main.o
                0x200000bc                mens5
 .data.mens6    0x200000d0       0x54 ./Sources/main.o
                0x200000d0                mens6
 .data.mens_ok  0x20000124        0x8 ./Sources/main.o
                0x20000124                mens_ok
 .data.mens_symbol
                0x2000012c        0x4 ./Sources/main.o
                0x2000012c                mens_symbol
 .data.mens_linked
                0x20000130        0xc ./Sources/main.o
                0x20000130                mens_linked
 .data.mens_conf
                0x2000013c       0x10 ./Sources/main.o
                0x2000013c                mens_conf
                0x2000014c                . = ALIGN (0x4)
                0x2000014c                _edata = .

.igot.plt       0x2000014c        0x0
 .igot.plt      0x00000000        0x0 ./Project_Settings/Startup_Code/kinetis_sysinit.o
                0x2000014c                . = ALIGN (0x4)

.bss            0x2000014c      0x380
                0x2000014c                __START_BSS = .
                0x2000014c                PROVIDE (__bss_start__, __START_BSS)
 *(.bss)
 *(.bss*)
 .bss.argv      0x2000014c        0x4 ./Project_Settings/Startup_Code/__arm_start.o
 .bss.__stdio_exit
                0x20000150        0x4 C:/Freescale/CW MCU v10.7/MCU/ARM_GCC_Support/ewl/lib/armv7e-m/fpu\libc.a(exit.o)
                0x20000150                __stdio_exit
 .bss.__console_exit
                0x20000154        0x4 C:/Freescale/CW MCU v10.7/MCU/ARM_GCC_Support/ewl/lib/armv7e-m/fpu\libc.a(exit.o)
                0x20000154                __console_exit
 .bss.__global_destructor_chain
                0x20000158        0x4 C:/Freescale/CW MCU v10.7/MCU/ARM_GCC_Support/ewl/lib/armv7e-m/fpu\librt.a(__arm_eabi_init.o)
                0x20000158                __global_destructor_chain
 .bss.__S_romp  0x2000015c        0xc C:/Freescale/CW MCU v10.7/MCU/ARM_GCC_Support/ewl/lib/armv7e-m/fpu\librt.a(ROMCopy.o)
 *(COMMON)
 COMMON         0x20000168      0x364 ./Sources/main.o
                0x20000168                ok_return
                0x2000016c                IP_address
                0x2000018c                buffer_tst2
                0x20000380                temp
                0x20000384                buffer
                0x20000424                bufPos
                0x20000428                IP_lenght
                0x20000429                LED
                0x2000042c                buffer_tst
                0x200004cc                . = ALIGN (0x4)
                0x200004cc                __END_BSS = .
                0x200004cc                PROVIDE (__bss_end__, __END_BSS)

._user_heap_stack
                0x200004cc     0x1000
                0x200004cc                . = ALIGN (0x4)
                0x200004cc                PROVIDE (end, .)
                0x200004cc                PROVIDE (_end, .)
                0x200004cc                __heap_addr = .
                0x20000ccc                . = (. + __heap_size)
 *fill*         0x200004cc      0x800 00
                0x200014cc                . = (. + __stack_size)
 *fill*         0x20000ccc      0x800 00
                0x200014cc                . = ALIGN (0x4)
                0x00000000                __S_romp = 0x0

.ARM.attributes
                0x00000000       0x3b
 *(.ARM.attributes)
 .ARM.attributes
                0x00000000       0x3b ./Project_Settings/Startup_Code/kinetis_sysinit.o
 .ARM.attributes
                0x0000003b       0x3b ./Project_Settings/Startup_Code/__arm_start.o
 .ARM.attributes
                0x00000076       0x3b ./Project_Settings/Startup_Code/__arm_end.o
 .ARM.attributes
                0x000000b1       0x3b ./Sources/main.o
 .ARM.attributes
                0x000000ec       0x3b C:/Freescale/CW MCU v10.7/MCU/ARM_GCC_Support/ewl/lib/armv7e-m/fpu\libc.a(exit.o)
 .ARM.attributes
                0x00000127       0x3b C:/Freescale/CW MCU v10.7/MCU/ARM_GCC_Support/ewl/lib/armv7e-m/fpu\libc.a(memset.o)
 .ARM.attributes
                0x00000162       0x3b C:/Freescale/CW MCU v10.7/MCU/ARM_GCC_Support/ewl/lib/armv7e-m/fpu\libc.a(__filll_mem.o)
 .ARM.attributes
                0x0000019d       0x3b C:/Freescale/CW MCU v10.7/MCU/ARM_GCC_Support/ewl/lib/armv7e-m/fpu\libc.a(printformat_.o)
 .ARM.attributes
                0x000001d8       0x3b C:/Freescale/CW MCU v10.7/MCU/ARM_GCC_Support/ewl/lib/armv7e-m/fpu\libc.a(scanformat_.o)
 .ARM.attributes
                0x00000213       0x3b C:/Freescale/CW MCU v10.7/MCU/ARM_GCC_Support/ewl/lib/armv7e-m/fpu\libc.a(ctype_aeabi.o)
 .ARM.attributes
                0x0000024e       0x3b C:/Freescale/CW MCU v10.7/MCU/ARM_GCC_Support/ewl/lib/armv7e-m/fpu\libc.a(__strtoul.o)
 .ARM.attributes
                0x00000289       0x3b C:/Freescale/CW MCU v10.7/MCU/ARM_GCC_Support/ewl/lib/armv7e-m/fpu\libc.a(strchr.o)
 .ARM.attributes
                0x000002c4       0x3b C:/Freescale/CW MCU v10.7/MCU/ARM_GCC_Support/ewl/lib/armv7e-m/fpu\libc.a(strlen.o)
 .ARM.attributes
                0x000002ff       0x3b C:/Freescale/CW MCU v10.7/MCU/ARM_GCC_Support/ewl/lib/armv7e-m/fpu\libc.a(memchr.o)
 .ARM.attributes
                0x0000033a       0x3b C:/Freescale/CW MCU v10.7/MCU/ARM_GCC_Support/ewl/lib/armv7e-m/fpu\librt.a(gcc_ctor_dtor.o)
 .ARM.attributes
                0x00000375       0x3b C:/Freescale/CW MCU v10.7/MCU/ARM_GCC_Support/ewl/lib/armv7e-m/fpu\librt.a(__arm_eabi_init.o)
 .ARM.attributes
                0x000003b0       0x3b C:/Freescale/CW MCU v10.7/MCU/ARM_GCC_Support/ewl/lib/armv7e-m/fpu\librt.a(ROMCopy.o)
OUTPUT(Pl2.elf elf32-littlearm)

.debug_info     0x00000000     0x2ced
 .debug_info    0x00000000      0x387 ./Project_Settings/Startup_Code/kinetis_sysinit.o
 .debug_info    0x00000387      0x12a ./Project_Settings/Startup_Code/__arm_start.o
 .debug_info    0x000004b1       0x54 ./Project_Settings/Startup_Code/__arm_end.o
 .debug_info    0x00000505      0xccf ./Sources/main.o
 .debug_info    0x000011d4       0xe8 C:/Freescale/CW MCU v10.7/MCU/ARM_GCC_Support/ewl/lib/armv7e-m/fpu\libc.a(exit.o)
 .debug_info    0x000012bc       0xec C:/Freescale/CW MCU v10.7/MCU/ARM_GCC_Support/ewl/lib/armv7e-m/fpu\libc.a(memset.o)
 .debug_info    0x000013a8      0x135 C:/Freescale/CW MCU v10.7/MCU/ARM_GCC_Support/ewl/lib/armv7e-m/fpu\libc.a(__filll_mem.o)
 .debug_info    0x000014dd      0x50e C:/Freescale/CW MCU v10.7/MCU/ARM_GCC_Support/ewl/lib/armv7e-m/fpu\libc.a(printformat_.o)
 .debug_info    0x000019eb      0x565 C:/Freescale/CW MCU v10.7/MCU/ARM_GCC_Support/ewl/lib/armv7e-m/fpu\libc.a(scanformat_.o)
 .debug_info    0x00001f50      0x306 C:/Freescale/CW MCU v10.7/MCU/ARM_GCC_Support/ewl/lib/armv7e-m/fpu\libc.a(ctype_aeabi.o)
 .debug_info    0x00002256      0x1d6 C:/Freescale/CW MCU v10.7/MCU/ARM_GCC_Support/ewl/lib/armv7e-m/fpu\libc.a(__strtoul.o)
 .debug_info    0x0000242c      0x108 C:/Freescale/CW MCU v10.7/MCU/ARM_GCC_Support/ewl/lib/armv7e-m/fpu\libc.a(strchr.o)
 .debug_info    0x00002534       0xeb C:/Freescale/CW MCU v10.7/MCU/ARM_GCC_Support/ewl/lib/armv7e-m/fpu\libc.a(strlen.o)
 .debug_info    0x0000261f      0x120 C:/Freescale/CW MCU v10.7/MCU/ARM_GCC_Support/ewl/lib/armv7e-m/fpu\libc.a(memchr.o)
 .debug_info    0x0000273f      0x136 C:/Freescale/CW MCU v10.7/MCU/ARM_GCC_Support/ewl/lib/armv7e-m/fpu\librt.a(gcc_ctor_dtor.o)
 .debug_info    0x00002875      0x2de C:/Freescale/CW MCU v10.7/MCU/ARM_GCC_Support/ewl/lib/armv7e-m/fpu\librt.a(__arm_eabi_init.o)
 .debug_info    0x00002b53      0x19a C:/Freescale/CW MCU v10.7/MCU/ARM_GCC_Support/ewl/lib/armv7e-m/fpu\librt.a(ROMCopy.o)

.debug_abbrev   0x00000000      0xf76
 .debug_abbrev  0x00000000       0xf6 ./Project_Settings/Startup_Code/kinetis_sysinit.o
 .debug_abbrev  0x000000f6       0x92 ./Project_Settings/Startup_Code/__arm_start.o
 .debug_abbrev  0x00000188       0x4c ./Project_Settings/Startup_Code/__arm_end.o
 .debug_abbrev  0x000001d4      0x1c5 ./Sources/main.o
 .debug_abbrev  0x00000399       0x7a C:/Freescale/CW MCU v10.7/MCU/ARM_GCC_Support/ewl/lib/armv7e-m/fpu\libc.a(exit.o)
 .debug_abbrev  0x00000413       0x62 C:/Freescale/CW MCU v10.7/MCU/ARM_GCC_Support/ewl/lib/armv7e-m/fpu\libc.a(memset.o)
 .debug_abbrev  0x00000475       0x87 C:/Freescale/CW MCU v10.7/MCU/ARM_GCC_Support/ewl/lib/armv7e-m/fpu\libc.a(__filll_mem.o)
 .debug_abbrev  0x000004fc      0x200 C:/Freescale/CW MCU v10.7/MCU/ARM_GCC_Support/ewl/lib/armv7e-m/fpu\libc.a(printformat_.o)
 .debug_abbrev  0x000006fc      0x1f0 C:/Freescale/CW MCU v10.7/MCU/ARM_GCC_Support/ewl/lib/armv7e-m/fpu\libc.a(scanformat_.o)
 .debug_abbrev  0x000008ec       0x85 C:/Freescale/CW MCU v10.7/MCU/ARM_GCC_Support/ewl/lib/armv7e-m/fpu\libc.a(ctype_aeabi.o)
 .debug_abbrev  0x00000971       0xc2 C:/Freescale/CW MCU v10.7/MCU/ARM_GCC_Support/ewl/lib/armv7e-m/fpu\libc.a(__strtoul.o)
 .debug_abbrev  0x00000a33       0x89 C:/Freescale/CW MCU v10.7/MCU/ARM_GCC_Support/ewl/lib/armv7e-m/fpu\libc.a(strchr.o)
 .debug_abbrev  0x00000abc       0x7a C:/Freescale/CW MCU v10.7/MCU/ARM_GCC_Support/ewl/lib/armv7e-m/fpu\libc.a(strlen.o)
 .debug_abbrev  0x00000b36       0x95 C:/Freescale/CW MCU v10.7/MCU/ARM_GCC_Support/ewl/lib/armv7e-m/fpu\libc.a(memchr.o)
 .debug_abbrev  0x00000bcb       0x99 C:/Freescale/CW MCU v10.7/MCU/ARM_GCC_Support/ewl/lib/armv7e-m/fpu\librt.a(gcc_ctor_dtor.o)
 .debug_abbrev  0x00000c64      0x1db C:/Freescale/CW MCU v10.7/MCU/ARM_GCC_Support/ewl/lib/armv7e-m/fpu\librt.a(__arm_eabi_init.o)
 .debug_abbrev  0x00000e3f      0x137 C:/Freescale/CW MCU v10.7/MCU/ARM_GCC_Support/ewl/lib/armv7e-m/fpu\librt.a(ROMCopy.o)

.debug_loc      0x00000000     0x241f
 .debug_loc     0x00000000       0x58 ./Project_Settings/Startup_Code/kinetis_sysinit.o
 .debug_loc     0x00000058       0x2c ./Project_Settings/Startup_Code/__arm_start.o
 .debug_loc     0x00000084       0x38 ./Project_Settings/Startup_Code/__arm_end.o
 .debug_loc     0x000000bc      0x51c ./Sources/main.o
 .debug_loc     0x000005d8       0x3e C:/Freescale/CW MCU v10.7/MCU/ARM_GCC_Support/ewl/lib/armv7e-m/fpu\libc.a(exit.o)
 .debug_loc     0x00000616       0x64 C:/Freescale/CW MCU v10.7/MCU/ARM_GCC_Support/ewl/lib/armv7e-m/fpu\libc.a(memset.o)
 .debug_loc     0x0000067a      0x12c C:/Freescale/CW MCU v10.7/MCU/ARM_GCC_Support/ewl/lib/armv7e-m/fpu\libc.a(__filll_mem.o)
 .debug_loc     0x000007a6      0xbdc C:/Freescale/CW MCU v10.7/MCU/ARM_GCC_Support/ewl/lib/armv7e-m/fpu\libc.a(printformat_.o)
 .debug_loc     0x00001382      0x8b6 C:/Freescale/CW MCU v10.7/MCU/ARM_GCC_Support/ewl/lib/armv7e-m/fpu\libc.a(scanformat_.o)
 .debug_loc     0x00001c38      0x18e C:/Freescale/CW MCU v10.7/MCU/ARM_GCC_Support/ewl/lib/armv7e-m/fpu\libc.a(ctype_aeabi.o)
 .debug_loc     0x00001dc6      0x2bb C:/Freescale/CW MCU v10.7/MCU/ARM_GCC_Support/ewl/lib/armv7e-m/fpu\libc.a(__strtoul.o)
 .debug_loc     0x00002081       0x7c C:/Freescale/CW MCU v10.7/MCU/ARM_GCC_Support/ewl/lib/armv7e-m/fpu\libc.a(strchr.o)
 .debug_loc     0x000020fd       0x26 C:/Freescale/CW MCU v10.7/MCU/ARM_GCC_Support/ewl/lib/armv7e-m/fpu\libc.a(strlen.o)
 .debug_loc     0x00002123       0x62 C:/Freescale/CW MCU v10.7/MCU/ARM_GCC_Support/ewl/lib/armv7e-m/fpu\libc.a(memchr.o)
 .debug_loc     0x00002185       0x9d C:/Freescale/CW MCU v10.7/MCU/ARM_GCC_Support/ewl/lib/armv7e-m/fpu\librt.a(gcc_ctor_dtor.o)
 .debug_loc     0x00002222      0x144 C:/Freescale/CW MCU v10.7/MCU/ARM_GCC_Support/ewl/lib/armv7e-m/fpu\librt.a(__arm_eabi_init.o)
 .debug_loc     0x00002366       0xb9 C:/Freescale/CW MCU v10.7/MCU/ARM_GCC_Support/ewl/lib/armv7e-m/fpu\librt.a(ROMCopy.o)

.debug_aranges  0x00000000      0x3b8
 .debug_aranges
                0x00000000       0x28 ./Project_Settings/Startup_Code/kinetis_sysinit.o
 .debug_aranges
                0x00000028       0x30 ./Project_Settings/Startup_Code/__arm_start.o
 .debug_aranges
                0x00000058       0x20 ./Project_Settings/Startup_Code/__arm_end.o
 .debug_aranges
                0x00000078       0xd8 ./Sources/main.o
 .debug_aranges
                0x00000150       0x20 C:/Freescale/CW MCU v10.7/MCU/ARM_GCC_Support/ewl/lib/armv7e-m/fpu\libc.a(exit.o)
 .debug_aranges
                0x00000170       0x20 C:/Freescale/CW MCU v10.7/MCU/ARM_GCC_Support/ewl/lib/armv7e-m/fpu\libc.a(memset.o)
 .debug_aranges
                0x00000190       0x20 C:/Freescale/CW MCU v10.7/MCU/ARM_GCC_Support/ewl/lib/armv7e-m/fpu\libc.a(__filll_mem.o)
 .debug_aranges
                0x000001b0       0x28 C:/Freescale/CW MCU v10.7/MCU/ARM_GCC_Support/ewl/lib/armv7e-m/fpu\libc.a(printformat_.o)
 .debug_aranges
                0x000001d8       0x20 C:/Freescale/CW MCU v10.7/MCU/ARM_GCC_Support/ewl/lib/armv7e-m/fpu\libc.a(scanformat_.o)
 .debug_aranges
                0x000001f8       0x88 C:/Freescale/CW MCU v10.7/MCU/ARM_GCC_Support/ewl/lib/armv7e-m/fpu\libc.a(ctype_aeabi.o)
 .debug_aranges
                0x00000280       0x20 C:/Freescale/CW MCU v10.7/MCU/ARM_GCC_Support/ewl/lib/armv7e-m/fpu\libc.a(__strtoul.o)
 .debug_aranges
                0x000002a0       0x20 C:/Freescale/CW MCU v10.7/MCU/ARM_GCC_Support/ewl/lib/armv7e-m/fpu\libc.a(strchr.o)
 .debug_aranges
                0x000002c0       0x20 C:/Freescale/CW MCU v10.7/MCU/ARM_GCC_Support/ewl/lib/armv7e-m/fpu\libc.a(strlen.o)
 .debug_aranges
                0x000002e0       0x20 C:/Freescale/CW MCU v10.7/MCU/ARM_GCC_Support/ewl/lib/armv7e-m/fpu\libc.a(memchr.o)
 .debug_aranges
                0x00000300       0x28 C:/Freescale/CW MCU v10.7/MCU/ARM_GCC_Support/ewl/lib/armv7e-m/fpu\librt.a(gcc_ctor_dtor.o)
 .debug_aranges
                0x00000328       0x60 C:/Freescale/CW MCU v10.7/MCU/ARM_GCC_Support/ewl/lib/armv7e-m/fpu\librt.a(__arm_eabi_init.o)
 .debug_aranges
                0x00000388       0x30 C:/Freescale/CW MCU v10.7/MCU/ARM_GCC_Support/ewl/lib/armv7e-m/fpu\librt.a(ROMCopy.o)

.debug_macinfo  0x00000000    0xcae30
 .debug_macinfo
                0x00000000    0x61d23 ./Project_Settings/Startup_Code/kinetis_sysinit.o
 .debug_macinfo
                0x00061d23     0x3f41 ./Project_Settings/Startup_Code/__arm_start.o
 .debug_macinfo
                0x00065c64     0x352a ./Project_Settings/Startup_Code/__arm_end.o
 .debug_macinfo
                0x0006918e    0x61ca2 ./Sources/main.o

.debug_line     0x00000000     0x1975
 .debug_line    0x00000000      0x225 ./Project_Settings/Startup_Code/kinetis_sysinit.o
 .debug_line    0x00000225      0x2a8 ./Project_Settings/Startup_Code/__arm_start.o
 .debug_line    0x000004cd      0x265 ./Project_Settings/Startup_Code/__arm_end.o
 .debug_line    0x00000732      0x428 ./Sources/main.o
 .debug_line    0x00000b5a       0x94 C:/Freescale/CW MCU v10.7/MCU/ARM_GCC_Support/ewl/lib/armv7e-m/fpu\libc.a(exit.o)
 .debug_line    0x00000bee       0x8f C:/Freescale/CW MCU v10.7/MCU/ARM_GCC_Support/ewl/lib/armv7e-m/fpu\libc.a(memset.o)
 .debug_line    0x00000c7d       0xcd C:/Freescale/CW MCU v10.7/MCU/ARM_GCC_Support/ewl/lib/armv7e-m/fpu\libc.a(__filll_mem.o)
 .debug_line    0x00000d4a      0x2b4 C:/Freescale/CW MCU v10.7/MCU/ARM_GCC_Support/ewl/lib/armv7e-m/fpu\libc.a(printformat_.o)
 .debug_line    0x00000ffe      0x2df C:/Freescale/CW MCU v10.7/MCU/ARM_GCC_Support/ewl/lib/armv7e-m/fpu\libc.a(scanformat_.o)
 .debug_line    0x000012dd      0x1a9 C:/Freescale/CW MCU v10.7/MCU/ARM_GCC_Support/ewl/lib/armv7e-m/fpu\libc.a(ctype_aeabi.o)
 .debug_line    0x00001486      0x11b C:/Freescale/CW MCU v10.7/MCU/ARM_GCC_Support/ewl/lib/armv7e-m/fpu\libc.a(__strtoul.o)
 .debug_line    0x000015a1       0x7d C:/Freescale/CW MCU v10.7/MCU/ARM_GCC_Support/ewl/lib/armv7e-m/fpu\libc.a(strchr.o)
 .debug_line    0x0000161e       0x83 C:/Freescale/CW MCU v10.7/MCU/ARM_GCC_Support/ewl/lib/armv7e-m/fpu\libc.a(strlen.o)
 .debug_line    0x000016a1       0x9f C:/Freescale/CW MCU v10.7/MCU/ARM_GCC_Support/ewl/lib/armv7e-m/fpu\libc.a(memchr.o)
 .debug_line    0x00001740       0x67 C:/Freescale/CW MCU v10.7/MCU/ARM_GCC_Support/ewl/lib/armv7e-m/fpu\librt.a(gcc_ctor_dtor.o)
 .debug_line    0x000017a7      0x125 C:/Freescale/CW MCU v10.7/MCU/ARM_GCC_Support/ewl/lib/armv7e-m/fpu\librt.a(__arm_eabi_init.o)
 .debug_line    0x000018cc       0xa9 C:/Freescale/CW MCU v10.7/MCU/ARM_GCC_Support/ewl/lib/armv7e-m/fpu\librt.a(ROMCopy.o)

.debug_str      0x00000000      0xfb5
 .debug_str     0x00000000      0x27b ./Project_Settings/Startup_Code/kinetis_sysinit.o
                                0x2a2 (size before relaxing)
 .debug_str     0x0000027b       0x85 ./Project_Settings/Startup_Code/__arm_start.o
                                0x1a3 (size before relaxing)
 .debug_str     0x00000300       0x41 ./Project_Settings/Startup_Code/__arm_end.o
                                 0xda (size before relaxing)
 .debug_str     0x00000341      0x3f8 ./Sources/main.o
                                0x543 (size before relaxing)
 .debug_str     0x00000739       0x5a C:/Freescale/CW MCU v10.7/MCU/ARM_GCC_Support/ewl/lib/armv7e-m/fpu\libc.a(exit.o)
                                0x157 (size before relaxing)
 .debug_str     0x00000793       0x23 C:/Freescale/CW MCU v10.7/MCU/ARM_GCC_Support/ewl/lib/armv7e-m/fpu\libc.a(memset.o)
                                0x140 (size before relaxing)
 .debug_str     0x000007b6       0x2d C:/Freescale/CW MCU v10.7/MCU/ARM_GCC_Support/ewl/lib/armv7e-m/fpu\libc.a(__filll_mem.o)
                                0x152 (size before relaxing)
 .debug_str     0x000007e3      0x233 C:/Freescale/CW MCU v10.7/MCU/ARM_GCC_Support/ewl/lib/armv7e-m/fpu\libc.a(printformat_.o)
                                0x3b3 (size before relaxing)
 .debug_str     0x00000a16      0x184 C:/Freescale/CW MCU v10.7/MCU/ARM_GCC_Support/ewl/lib/armv7e-m/fpu\libc.a(scanformat_.o)
                                0x3f9 (size before relaxing)
 .debug_str     0x00000b9a       0x9d C:/Freescale/CW MCU v10.7/MCU/ARM_GCC_Support/ewl/lib/armv7e-m/fpu\libc.a(ctype_aeabi.o)
                                0x1bc (size before relaxing)
 .debug_str     0x00000c37       0x61 C:/Freescale/CW MCU v10.7/MCU/ARM_GCC_Support/ewl/lib/armv7e-m/fpu\libc.a(__strtoul.o)
                                0x1fb (size before relaxing)
 .debug_str     0x00000c98       0x1c C:/Freescale/CW MCU v10.7/MCU/ARM_GCC_Support/ewl/lib/armv7e-m/fpu\libc.a(strchr.o)
                                0x137 (size before relaxing)
 .debug_str     0x00000cb4       0x1c C:/Freescale/CW MCU v10.7/MCU/ARM_GCC_Support/ewl/lib/armv7e-m/fpu\libc.a(strlen.o)
                                0x140 (size before relaxing)
 .debug_str     0x00000cd0       0x1c C:/Freescale/CW MCU v10.7/MCU/ARM_GCC_Support/ewl/lib/armv7e-m/fpu\libc.a(memchr.o)
                                0x148 (size before relaxing)
 .debug_str     0x00000cec      0x126 C:/Freescale/CW MCU v10.7/MCU/ARM_GCC_Support/ewl/lib/armv7e-m/fpu\librt.a(gcc_ctor_dtor.o)
                                0x181 (size before relaxing)
 .debug_str     0x00000e12      0x102 C:/Freescale/CW MCU v10.7/MCU/ARM_GCC_Support/ewl/lib/armv7e-m/fpu\librt.a(__arm_eabi_init.o)
                                0x1bf (size before relaxing)
 .debug_str     0x00000f14       0xa1 C:/Freescale/CW MCU v10.7/MCU/ARM_GCC_Support/ewl/lib/armv7e-m/fpu\librt.a(ROMCopy.o)
                                0x13c (size before relaxing)

.comment        0x00000000       0x79
 .comment       0x00000000       0x79 ./Project_Settings/Startup_Code/kinetis_sysinit.o
                                 0x7a (size before relaxing)
 .comment       0x00000000       0x7a ./Project_Settings/Startup_Code/__arm_start.o
 .comment       0x00000000       0x7a ./Project_Settings/Startup_Code/__arm_end.o
 .comment       0x00000000       0x7a ./Sources/main.o
 .comment       0x00000000       0x7a C:/Freescale/CW MCU v10.7/MCU/ARM_GCC_Support/ewl/lib/armv7e-m/fpu\libc.a(exit.o)
 .comment       0x00000000       0x7a C:/Freescale/CW MCU v10.7/MCU/ARM_GCC_Support/ewl/lib/armv7e-m/fpu\libc.a(memset.o)
 .comment       0x00000000       0x7a C:/Freescale/CW MCU v10.7/MCU/ARM_GCC_Support/ewl/lib/armv7e-m/fpu\libc.a(__filll_mem.o)
 .comment       0x00000000       0x7a C:/Freescale/CW MCU v10.7/MCU/ARM_GCC_Support/ewl/lib/armv7e-m/fpu\libc.a(printformat_.o)
 .comment       0x00000000       0x7a C:/Freescale/CW MCU v10.7/MCU/ARM_GCC_Support/ewl/lib/armv7e-m/fpu\libc.a(scanformat_.o)
 .comment       0x00000000       0x7a C:/Freescale/CW MCU v10.7/MCU/ARM_GCC_Support/ewl/lib/armv7e-m/fpu\libc.a(ctype_aeabi.o)
 .comment       0x00000000       0x7a C:/Freescale/CW MCU v10.7/MCU/ARM_GCC_Support/ewl/lib/armv7e-m/fpu\libc.a(__strtoul.o)
 .comment       0x00000000       0x7a C:/Freescale/CW MCU v10.7/MCU/ARM_GCC_Support/ewl/lib/armv7e-m/fpu\libc.a(strchr.o)
 .comment       0x00000000       0x7a C:/Freescale/CW MCU v10.7/MCU/ARM_GCC_Support/ewl/lib/armv7e-m/fpu\libc.a(strlen.o)
 .comment       0x00000000       0x7a C:/Freescale/CW MCU v10.7/MCU/ARM_GCC_Support/ewl/lib/armv7e-m/fpu\libc.a(memchr.o)
 .comment       0x00000000       0x7a C:/Freescale/CW MCU v10.7/MCU/ARM_GCC_Support/ewl/lib/armv7e-m/fpu\librt.a(gcc_ctor_dtor.o)
 .comment       0x00000000       0x7a C:/Freescale/CW MCU v10.7/MCU/ARM_GCC_Support/ewl/lib/armv7e-m/fpu\librt.a(__arm_eabi_init.o)
 .comment       0x00000000       0x7a C:/Freescale/CW MCU v10.7/MCU/ARM_GCC_Support/ewl/lib/armv7e-m/fpu\librt.a(ROMCopy.o)

.debug_frame    0x00000000      0x77c
 .debug_frame   0x00000000       0x40 ./Project_Settings/Startup_Code/kinetis_sysinit.o
 .debug_frame   0x00000040       0x4c ./Project_Settings/Startup_Code/__arm_start.o
 .debug_frame   0x0000008c       0x2c ./Project_Settings/Startup_Code/__arm_end.o
 .debug_frame   0x000000b8      0x2d8 ./Sources/main.o
 .debug_frame   0x00000390       0x28 C:/Freescale/CW MCU v10.7/MCU/ARM_GCC_Support/ewl/lib/armv7e-m/fpu\libc.a(exit.o)
 .debug_frame   0x000003b8       0x28 C:/Freescale/CW MCU v10.7/MCU/ARM_GCC_Support/ewl/lib/armv7e-m/fpu\libc.a(memset.o)
 .debug_frame   0x000003e0       0x2c C:/Freescale/CW MCU v10.7/MCU/ARM_GCC_Support/ewl/lib/armv7e-m/fpu\libc.a(__filll_mem.o)
 .debug_frame   0x0000040c       0x64 C:/Freescale/CW MCU v10.7/MCU/ARM_GCC_Support/ewl/lib/armv7e-m/fpu\libc.a(printformat_.o)
 .debug_frame   0x00000470       0x3c C:/Freescale/CW MCU v10.7/MCU/ARM_GCC_Support/ewl/lib/armv7e-m/fpu\libc.a(scanformat_.o)
 .debug_frame   0x000004ac       0xf0 C:/Freescale/CW MCU v10.7/MCU/ARM_GCC_Support/ewl/lib/armv7e-m/fpu\libc.a(ctype_aeabi.o)
 .debug_frame   0x0000059c       0x3c C:/Freescale/CW MCU v10.7/MCU/ARM_GCC_Support/ewl/lib/armv7e-m/fpu\libc.a(__strtoul.o)
 .debug_frame   0x000005d8       0x20 C:/Freescale/CW MCU v10.7/MCU/ARM_GCC_Support/ewl/lib/armv7e-m/fpu\libc.a(strchr.o)
 .debug_frame   0x000005f8       0x20 C:/Freescale/CW MCU v10.7/MCU/ARM_GCC_Support/ewl/lib/armv7e-m/fpu\libc.a(strlen.o)
 .debug_frame   0x00000618       0x20 C:/Freescale/CW MCU v10.7/MCU/ARM_GCC_Support/ewl/lib/armv7e-m/fpu\libc.a(memchr.o)
 .debug_frame   0x00000638       0x40 C:/Freescale/CW MCU v10.7/MCU/ARM_GCC_Support/ewl/lib/armv7e-m/fpu\librt.a(gcc_ctor_dtor.o)
 .debug_frame   0x00000678       0xbc C:/Freescale/CW MCU v10.7/MCU/ARM_GCC_Support/ewl/lib/armv7e-m/fpu\librt.a(__arm_eabi_init.o)
 .debug_frame   0x00000734       0x48 C:/Freescale/CW MCU v10.7/MCU/ARM_GCC_Support/ewl/lib/armv7e-m/fpu\librt.a(ROMCopy.o)
